================================================
Setting random seed to 42
Using device: NVIDIA A100 80GB PCIe MIG 3g.40gb
Using dataset configuration: {'root_dir': '/home/i/i0002673/projects/dual_flood_gnn-master/data/datasets', 'nodes_shp_file': 'GEOMETRY/cell_centers_with_ele.shp', 'edges_shp_file': 'GEOMETRY/links_with_slope.shp', 'dem_file': 'GEOMETRY/DEM.tif', 'features_stats_file': 'features_stats.yaml', 'previous_timesteps': 1, 'normalize': True, 'timestep_interval': 900, 'spin_up_time': 259200, 'time_from_peak': None, 'inflow_boundary_nodes': [1248], 'outflow_boundary_nodes': [1253, 1129], 'mode': 'test', 'dataset_summary_file': 'test.csv', 'event_stats_file': 'test_event_stats.yaml', 'with_global_mass_loss': True, 'with_local_mass_loss': True}
Processing Flood Event Dataset...
Saved constant values to /home/i/i0002673/projects/dual_flood_gnn-master/data/datasets/processed/constant_values.npz
Saved dynamic values for event 38 to /home/i/i0002673/projects/dual_flood_gnn-master/data/datasets/processed/dynamic_values_event_38.npz
Saved dynamic values for event 39 to /home/i/i0002673/projects/dual_flood_gnn-master/data/datasets/processed/dynamic_values_event_39.npz
Saved dynamic values for event 40 to /home/i/i0002673/projects/dual_flood_gnn-master/data/datasets/processed/dynamic_values_event_40.npz
Saved dynamic values for event 41 to /home/i/i0002673/projects/dual_flood_gnn-master/data/datasets/processed/dynamic_values_event_41.npz
Saved event stats to /home/i/i0002673/projects/dual_flood_gnn-master/data/datasets/processed/test_event_stats.yaml
Saved boundary condition info to /home/i/i0002673/projects/dual_flood_gnn-master/data/datasets/processed/boundary_condition_masks.npz
open file: /home/i/i0002673/projects/dual_flood_gnn-master/data/datasets/processed/pre_transform.pt
open file: /home/i/i0002673/projects/dual_flood_gnn-master/data/datasets/processed/pre_filter.pt
Processing timesteps:   0%|          | 0/2296 [00:00<?, ?it/s]Processing timesteps:  19%|█▉        | 444/2296 [00:00<00:00, 4431.31it/s]Processing timesteps:  39%|███▊      | 888/2296 [00:00<00:00, 4338.79it/s]Processing timesteps:  58%|█████▊    | 1323/2296 [00:00<00:00, 4320.06it/s]Processing timesteps:  76%|███████▋  | 1756/2296 [00:00<00:00, 4301.86it/s]Processing timesteps:  95%|█████████▌| 2187/2296 [00:00<00:00, 2695.16it/s]Processing timesteps: 100%|██████████| 2296/2296 [00:00<00:00, 3297.55it/s]
RAM usage after loading dataset: 1.13 GB
Loaded dataset with 2296 samples
Unexpected error:
Traceback (most recent call last):
  File "/home/i/i0002673/projects/multiscale_DFGNN/test.py", line 136, in main
    model.load_state_dict(torch.load(args.model_path, weights_only=True, map_location=args.device))
  File "/home/i/i0002673/venvs/dual_flood_gpu/lib/python3.12/site-packages/torch/nn/modules/module.py", line 2639, in load_state_dict
    raise RuntimeError(
RuntimeError: Error(s) in loading state_dict for DUALFloodGNN:
	Missing key(s) in state_dict: "convs.module_0.node_mlp.0.linear.weight", "convs.module_0.node_mlp.1.linear.weight", "convs.module_0.node_mlp.2.linear.weight", "convs.module_0.msg_mlp.0.linear.weight", "convs.module_0.msg_mlp.1.linear.weight", "convs.module_0.msg_mlp.2.linear.weight", "convs.module_1.node_mlp.0.linear.weight", "convs.module_1.node_mlp.1.linear.weight", "convs.module_1.node_mlp.2.linear.weight", "convs.module_1.msg_mlp.0.linear.weight", "convs.module_1.msg_mlp.1.linear.weight", "convs.module_1.msg_mlp.2.linear.weight", "convs.module_2.node_mlp.0.linear.weight", "convs.module_2.node_mlp.1.linear.weight", "convs.module_2.node_mlp.2.linear.weight", "convs.module_2.msg_mlp.0.linear.weight", "convs.module_2.msg_mlp.1.linear.weight", "convs.module_2.msg_mlp.2.linear.weight". 
	Unexpected key(s) in state_dict: "_hierarchy_fingerprint", "down_processors.0.layers.0.node_mlp.0.linear.weight", "down_processors.0.layers.0.node_mlp.1.linear.weight", "down_processors.0.layers.0.node_mlp.2.linear.weight", "down_processors.0.layers.0.msg_mlp.0.linear.weight", "down_processors.0.layers.0.msg_mlp.1.linear.weight", "down_processors.0.layers.0.msg_mlp.2.linear.weight", "bottleneck_processor.layers.0.node_mlp.0.linear.weight", "bottleneck_processor.layers.0.node_mlp.1.linear.weight", "bottleneck_processor.layers.0.node_mlp.2.linear.weight", "bottleneck_processor.layers.0.msg_mlp.0.linear.weight", "bottleneck_processor.layers.0.msg_mlp.1.linear.weight", "bottleneck_processor.layers.0.msg_mlp.2.linear.weight", "up_processors.0.layers.0.node_mlp.0.linear.weight", "up_processors.0.layers.0.node_mlp.1.linear.weight", "up_processors.0.layers.0.node_mlp.2.linear.weight", "up_processors.0.layers.0.msg_mlp.0.linear.weight", "up_processors.0.layers.0.msg_mlp.1.linear.weight", "up_processors.0.layers.0.msg_mlp.2.linear.weight", "node_upsamplers.0.0.linear.weight", "node_upsamplers.0.1.linear.weight", "edge_upsamplers.0.0.linear.weight", "edge_upsamplers.0.1.linear.weight", "node_fusions.0.0.linear.weight", "node_fusions.0.1.linear.weight", "edge_fusions.0.0.linear.weight", "edge_fusions.0.1.linear.weight". 
	size mismatch for edge_decoder.0.linear.weight: copying a param with shape torch.Size([64, 64]) from checkpoint, the shape in current model is torch.Size([128, 64]).
	size mismatch for edge_decoder.1.linear.weight: copying a param with shape torch.Size([64, 64]) from checkpoint, the shape in current model is torch.Size([128, 128]).
	size mismatch for edge_decoder.2.linear.weight: copying a param with shape torch.Size([1, 64]) from checkpoint, the shape in current model is torch.Size([1, 128]).

