================================================
Setting random seed to 42
Using device: NVIDIA A100 80GB PCIe MIG 3g.40gb
Using dataset configuration: {'root_dir': '/home/i/i0002673/projects/dual_flood_gnn-master/data/datasets', 'nodes_shp_file': 'GEOMETRY/cell_centers_with_ele.shp', 'edges_shp_file': 'GEOMETRY/links_with_slope.shp', 'dem_file': 'GEOMETRY/DEM.tif', 'features_stats_file': 'features_stats.yaml', 'previous_timesteps': 1, 'normalize': True, 'timestep_interval': 900, 'spin_up_time': 259200, 'time_from_peak': None, 'inflow_boundary_nodes': [1248], 'outflow_boundary_nodes': [1253, 1129], 'mode': 'test', 'dataset_summary_file': 'test.csv', 'event_stats_file': 'test_event_stats.yaml', 'with_global_mass_loss': True, 'with_local_mass_loss': True}
Processing Flood Event Dataset...
Saved constant values to /home/i/i0002673/projects/dual_flood_gnn-master/data/datasets/processed/constant_values.npz
Saved dynamic values for event 38 to /home/i/i0002673/projects/dual_flood_gnn-master/data/datasets/processed/dynamic_values_event_38.npz
Saved dynamic values for event 39 to /home/i/i0002673/projects/dual_flood_gnn-master/data/datasets/processed/dynamic_values_event_39.npz
Saved dynamic values for event 40 to /home/i/i0002673/projects/dual_flood_gnn-master/data/datasets/processed/dynamic_values_event_40.npz
Saved dynamic values for event 41 to /home/i/i0002673/projects/dual_flood_gnn-master/data/datasets/processed/dynamic_values_event_41.npz
Saved event stats to /home/i/i0002673/projects/dual_flood_gnn-master/data/datasets/processed/test_event_stats.yaml
Saved boundary condition info to /home/i/i0002673/projects/dual_flood_gnn-master/data/datasets/processed/boundary_condition_masks.npz
open file: /home/i/i0002673/projects/dual_flood_gnn-master/data/datasets/processed/pre_transform.pt
open file: /home/i/i0002673/projects/dual_flood_gnn-master/data/datasets/processed/pre_filter.pt
Processing timesteps:   0%|          | 0/2296 [00:00<?, ?it/s]Processing timesteps:  17%|█▋        | 382/2296 [00:00<00:00, 3794.73it/s]Processing timesteps:  42%|████▏     | 955/2296 [00:00<00:00, 4926.28it/s]Processing timesteps:  67%|██████▋   | 1535/2296 [00:00<00:00, 5321.32it/s]Processing timesteps:  90%|█████████ | 2068/2296 [00:00<00:00, 3657.14it/s]Processing timesteps: 100%|██████████| 2296/2296 [00:00<00:00, 4155.29it/s]
RAM usage after loading dataset: 1.13 GB
Loaded dataset with 2296 samples
Using model checkpoint for MultiScaleDUALFloodGNN: saved_models/MultiScaleDUALFloodGNN_2026-08-05_00-06-03.pt
Using model configuration: {'hidden_features': 64, 'num_scales': 2, 'coarsening_factor': 4, 'layers_per_scale': 1, 'activation': 'relu', 'residual': True, 'mlp_layers': 3, 'skip_connections': True, 'encoder_layers': 3, 'encoder_activation': 'relu', 'decoder_layers': 3, 'decoder_activation': 'relu', 'static_node_features': 8, 'dynamic_node_features': 3, 'static_edge_features': 5, 'dynamic_edge_features': 1, 'previous_timesteps': 1, 'device': 'cuda'}
Using multiscale hierarchy: {'num_scales': 2, 'nodes_per_scale': [1129, 326], 'edges_per_scale': [2473, 1094], 'coarsening_factor': 4}
Using testing configuration: {'rollout_start': 0, 'rollout_timesteps': None}
Validating on run 1/4 with Run ID 38
Average RMSE: 1.3205e+03
Average MAE: 7.7981e+02
Average NSE: 9.7336e-01
Average CSI: 7.9276e-01
Average RMSE (flooded): 1.9150e+03
Average MAE (flooded): 1.3037e+03
Average NSE (flooded): 9.5638e-01

Average Edge RMSE: 1.9782e+01
Average Edge MAE: 6.0312e+00
Average Edge NSE: 9.5514e-01

Total Global Mass Conservation Loss: 3.9543e+05

Total Local Mass Conservation Loss: 2.2093e+07

Validation time: 3.80 seconds
Inference time for one timestep: 0.0066 seconds
Validating on run 2/4 with Run ID 39
Average RMSE: 2.3462e+03
Average MAE: 1.2540e+03
Average NSE: 9.7916e-01
Average CSI: 7.8570e-01
Average RMSE (flooded): 3.1249e+03
Average MAE (flooded): 1.9471e+03
Average NSE (flooded): 9.6901e-01

Average Edge RMSE: 3.1029e+01
Average Edge MAE: 9.2455e+00
Average Edge NSE: 9.7613e-01

Total Global Mass Conservation Loss: 3.5760e+05

Total Local Mass Conservation Loss: 3.1580e+07

Validation time: 3.55 seconds
Inference time for one timestep: 0.0062 seconds
Validating on run 3/4 with Run ID 40
Average RMSE: 1.8095e+03
Average MAE: 9.3840e+02
Average NSE: 9.8786e-01
Average CSI: 8.7512e-01
Average RMSE (flooded): 2.6566e+03
Average MAE (flooded): 1.7905e+03
Average NSE (flooded): 9.7710e-01

Average Edge RMSE: 2.6883e+01
Average Edge MAE: 8.4842e+00
Average Edge NSE: 9.8783e-01

Total Global Mass Conservation Loss: 3.9056e+04

Total Local Mass Conservation Loss: 2.5636e+07

Validation time: 3.56 seconds
Inference time for one timestep: 0.0062 seconds
Validating on run 4/4 with Run ID 41
Average RMSE: 1.6717e+03
Average MAE: 1.0783e+03
Average NSE: 9.7573e-01
Average CSI: 7.3122e-01
Average RMSE (flooded): 2.2763e+03
Average MAE (flooded): 1.6603e+03
Average NSE (flooded): 9.6464e-01

Average Edge RMSE: 2.7771e+01
Average Edge MAE: 7.8769e+00
Average Edge NSE: 9.3643e-01

Total Global Mass Conservation Loss: 4.8913e+05

Total Local Mass Conservation Loss: 3.3282e+07

Validation time: 3.56 seconds
Inference time for one timestep: 0.0062 seconds
Average NODE METRICS across events:
	RMSE: 1.7870e+03
	MAE: 1.0126e+03
	NSE: 9.7903e-01
Average EDGE METRICS across events:
	RMSE: 2.6366e+01
	MAE: 7.9094e+00
	NSE: 9.6389e-01
PHYSICS-BASED METRICS across events:
	Average Absolute Global Mass Conservation Loss: 3.2030e+05
	Average Absolute Local Mass Conservation Loss: 2.8147e+07
Saved metrics to: saved_metrics/MultiScaleDUALFloodGNN_2026-08-05_00-06-03_runid_38_test_metrics.npz
Saved metrics to: saved_metrics/MultiScaleDUALFloodGNN_2026-08-05_00-06-03_runid_39_test_metrics.npz
Saved metrics to: saved_metrics/MultiScaleDUALFloodGNN_2026-08-05_00-06-03_runid_40_test_metrics.npz
Saved metrics to: saved_metrics/MultiScaleDUALFloodGNN_2026-08-05_00-06-03_runid_41_test_metrics.npz
================================================
