================================================
Setting random seed to 42
Using device: NVIDIA A100 80GB PCIe MIG 3g.40gb
Using dataset configuration: {'root_dir': '/home/i/i0002673/projects/dual_flood_gnn-master/data/datasets', 'nodes_shp_file': 'GEOMETRY/cell_centers_with_ele.shp', 'edges_shp_file': 'GEOMETRY/links_with_slope.shp', 'dem_file': 'GEOMETRY/DEM.tif', 'features_stats_file': 'features_stats.yaml', 'previous_timesteps': 1, 'normalize': True, 'timestep_interval': 900, 'spin_up_time': 259200, 'time_from_peak': None, 'inflow_boundary_nodes': [1248], 'outflow_boundary_nodes': [1253, 1129], 'mode': 'test', 'dataset_summary_file': 'test.csv', 'event_stats_file': 'test_event_stats.yaml', 'with_global_mass_loss': True, 'with_local_mass_loss': True}
Processing Flood Event Dataset...
Saved constant values to /home/i/i0002673/projects/dual_flood_gnn-master/data/datasets/processed/constant_values.npz
Saved dynamic values for event 38 to /home/i/i0002673/projects/dual_flood_gnn-master/data/datasets/processed/dynamic_values_event_38.npz
Saved dynamic values for event 39 to /home/i/i0002673/projects/dual_flood_gnn-master/data/datasets/processed/dynamic_values_event_39.npz
Saved dynamic values for event 40 to /home/i/i0002673/projects/dual_flood_gnn-master/data/datasets/processed/dynamic_values_event_40.npz
Saved dynamic values for event 41 to /home/i/i0002673/projects/dual_flood_gnn-master/data/datasets/processed/dynamic_values_event_41.npz
Saved event stats to /home/i/i0002673/projects/dual_flood_gnn-master/data/datasets/processed/test_event_stats.yaml
Saved boundary condition info to /home/i/i0002673/projects/dual_flood_gnn-master/data/datasets/processed/boundary_condition_masks.npz
open file: /home/i/i0002673/projects/dual_flood_gnn-master/data/datasets/processed/pre_transform.pt
open file: /home/i/i0002673/projects/dual_flood_gnn-master/data/datasets/processed/pre_filter.pt
Processing timesteps:   0%|          | 0/2296 [00:00<?, ?it/s]Processing timesteps:  18%|█▊        | 424/2296 [00:00<00:00, 4237.66it/s]Processing timesteps:  37%|███▋      | 848/2296 [00:00<00:00, 4212.39it/s]Processing timesteps:  55%|█████▌    | 1274/2296 [00:00<00:00, 4231.85it/s]Processing timesteps:  75%|███████▌  | 1723/2296 [00:00<00:00, 4199.99it/s]Processing timesteps:  93%|█████████▎| 2144/2296 [00:00<00:00, 2655.30it/s]Processing timesteps: 100%|██████████| 2296/2296 [00:00<00:00, 3254.36it/s]
RAM usage after loading dataset: 1.13 GB
Loaded dataset with 2296 samples
Using model checkpoint for MultiScaleDUALFloodGNN: saved_models/MultiScaleDUALFloodGNN_2026-08-29_16-13-00.pt
Using model configuration: {'hidden_features': 64, 'num_scales': 3, 'coarsening_factor': 4, 'layers_per_scale': 3, 'activation': 'relu', 'residual': True, 'mlp_layers': 3, 'skip_connections': True, 'encoder_layers': 3, 'encoder_activation': 'relu', 'decoder_layers': 3, 'decoder_activation': 'relu', 'static_node_features': 8, 'dynamic_node_features': 3, 'static_edge_features': 5, 'dynamic_edge_features': 1, 'previous_timesteps': 1, 'device': 'cuda'}
Using multiscale hierarchy: {'num_scales': 3, 'nodes_per_scale': [1129, 326, 111], 'edges_per_scale': [2473, 1094, 397], 'coarsening_factor': 4}
Using testing configuration: {'rollout_start': 0, 'rollout_timesteps': None}
Validating on run 1/4 with Run ID 38
Average RMSE: 6.5963e+02
Average MAE: 4.4222e+02
Average NSE: 9.9374e-01
Average CSI: 8.6579e-01
Average RMSE (flooded): 9.3670e+02
Average MAE (flooded): 7.0497e+02
Average NSE (flooded): 9.8980e-01

Average Edge RMSE: 7.1888e+00
Average Edge MAE: 2.9615e+00
Average Edge NSE: 9.9485e-01

Total Global Mass Conservation Loss: 2.2631e+05

Total Local Mass Conservation Loss: -1.0140e+07

Validation time: 8.90 seconds
Inference time for one timestep: 0.0155 seconds
Validating on run 2/4 with Run ID 39
Average RMSE: 1.3669e+03
Average MAE: 7.9451e+02
Average NSE: 9.9285e-01
Average CSI: 8.6649e-01
Average RMSE (flooded): 1.8642e+03
Average MAE (flooded): 1.2721e+03
Average NSE (flooded): 9.8873e-01

Average Edge RMSE: 1.6387e+01
Average Edge MAE: 6.6285e+00
Average Edge NSE: 9.9523e-01

Total Global Mass Conservation Loss: 2.4459e+05

Total Local Mass Conservation Loss: -3.3448e+07

Validation time: 6.14 seconds
Inference time for one timestep: 0.0107 seconds
Validating on run 3/4 with Run ID 40
Average RMSE: 8.2347e+02
Average MAE: 4.9485e+02
Average NSE: 9.9737e-01
Average CSI: 9.2787e-01
Average RMSE (flooded): 1.1905e+03
Average MAE (flooded): 8.7183e+02
Average NSE (flooded): 9.9523e-01

Average Edge RMSE: 1.0613e+01
Average Edge MAE: 4.2377e+00
Average Edge NSE: 9.9818e-01

Total Global Mass Conservation Loss: 1.7447e+05

Total Local Mass Conservation Loss: 2.4967e+05

Validation time: 6.16 seconds
Inference time for one timestep: 0.0107 seconds
Validating on run 4/4 with Run ID 41
Average RMSE: 1.2039e+03
Average MAE: 7.4092e+02
Average NSE: 9.8764e-01
Average CSI: 8.2782e-01
Average RMSE (flooded): 1.7500e+03
Average MAE (flooded): 1.3086e+03
Average NSE (flooded): 9.7928e-01

Average Edge RMSE: 1.6919e+01
Average Edge MAE: 5.9894e+00
Average Edge NSE: 9.8551e-01

Total Global Mass Conservation Loss: 2.2902e+05

Total Local Mass Conservation Loss: 1.3633e+07

Validation time: 6.19 seconds
Inference time for one timestep: 0.0108 seconds
Average NODE METRICS across events:
	RMSE: 1.0135e+03
	MAE: 6.1812e+02
	NSE: 9.9290e-01
Average EDGE METRICS across events:
	RMSE: 1.2777e+01
	MAE: 4.9543e+00
	NSE: 9.9344e-01
PHYSICS-BASED METRICS across events:
	Average Absolute Global Mass Conservation Loss: 2.1860e+05
	Average Absolute Local Mass Conservation Loss: 1.4368e+07
Saved metrics to: saved_metrics/MultiScaleDUALFloodGNN_2026-08-29_16-13-00_runid_38_test_metrics.npz
Saved metrics to: saved_metrics/MultiScaleDUALFloodGNN_2026-08-29_16-13-00_runid_39_test_metrics.npz
Saved metrics to: saved_metrics/MultiScaleDUALFloodGNN_2026-08-29_16-13-00_runid_40_test_metrics.npz
Saved metrics to: saved_metrics/MultiScaleDUALFloodGNN_2026-08-29_16-13-00_runid_41_test_metrics.npz
================================================
